// Jest Snapshot v1, https://goo.gl/fbAQLP

exports[`Testing al cliente Es Israel 1`] = `
{
  "balance": 500,
  "nombre": "Juan 2",
  "tipo": "Premium",
}
`;
